   Compiling memchr v2.8.0
   Compiling ucd-trie v0.1.7
   Compiling pest v2.8.6
   Compiling serde_json v1.0.149
   Compiling tinytemplate v1.2.1
   Compiling criterion v0.5.1
   Compiling pest_meta v2.8.6
   Compiling pest_generator v2.8.6
   Compiling pest_derive v2.8.6
   Compiling edisondb v0.1.0 (/home/edisonbl/edisondb)
    Finished `test` profile [unoptimized + debuginfo] target(s) in 7.10s
     Running unittests src/lib.rs (target/debug/deps/edisondb-a6d5b54451c5590c)

running 43 tests
test eql::parser::tests::parse_audit_global ... ok
test eql::parser::tests::parse_audit_specific ... ok
test eql::parser::tests::parse_case_insensitive ... ok
test eql::parser::tests::parse_empty_fails ... ok
test eql::parser::tests::parse_delete_stmt ... ok
test eql::parser::tests::parse_list_all ... ok
test eql::parser::tests::parse_list_tier ... ok
test eql::parser::tests::parse_read ... ok
test eql::parser::tests::parse_unknown_tier_fails ... ok
test eql::parser::tests::parse_write_critical ... ok
test eql::parser::tests::parse_write_noise ... ok
test eql::parser::tests::parse_write_personal ... ok
test tests::attacker_cannot_read_stored_record ... ok
test tests::duplicate_id_rejected ... ok
test tests::granted_read_is_audited ... ok
test tests::denied_read_is_audited ... ok
test tests::admin_cannot_read_critical ... ok
test tests::list_returns_owner_records_only ... ok
test tests::noise_readable_by_anyone ... ok
test tests::non_owner_cannot_delete_record ... ok
test tests::non_owner_cannot_read_critical ... ok
test tests::owner_can_delete_own_record ... ok
test tests::multiple_writes_all_audited ... ok
test executor::tests::eql_read_nonexistent_fails ... ok
test tests::owner_can_read_critical ... ok
test tests::owner_can_read_stored_record ... ok
test tests::record_has_timestamp ... ok
test tests::payload_encrypts_and_decrypts ... ok
test tests::record_without_owner_rejected ... ok
test tests::write_creates_audit_entry ... ok
test tests::store_saves_and_loads ... ok
test tests::audit_log_persists ... ok
test executor::tests::eql_delete_removes_record ... ok
test tests::different_password_different_key ... ok
test tests::same_password_same_key ... ok
test executor::tests::eql_duplicate_id_rejected ... ok
test executor::tests::eql_wrong_password_fails ... ok
test executor::tests::eql_audit_captures_operations ... ok
test executor::tests::eql_write_and_read_noise ... ok
test executor::tests::eql_write_and_read_critical ... ok
test executor::tests::eql_write_and_read_personal ... ok
test executor::tests::eql_list_tier_filter ... ok
test executor::tests::eql_list_all ... ok

test result: ok. 43 passed; 0 failed; 0 ignored; 0 measured; 0 filtered out; finished in 3.52s

     Running unittests src/main.rs (target/debug/deps/edisondb-6ef2202f503e20e7)

running 0 tests

test result: ok. 0 passed; 0 failed; 0 ignored; 0 measured; 0 filtered out; finished in 0.00s

   Doc-tests edisondb

running 0 tests

test result: ok. 0 passed; 0 failed; 0 ignored; 0 measured; 0 filtered out; finished in 0.00s

